// Jest Snapshot v1, https://goo.gl/fbAQLP

exports[`testing function displayWeatherInfo should render weather information correctly 1`] = `
"
    <h2>London</h2>
    <p class="date">29.09.2023</p>
    <p class="text-weather">Cloudy<br>Overcast clouds</p>
    <div class="box-image"><img class="icon-weather" src="https://openweathermap.org/img/wn/04d@2x.png" alt="Icon weather"></div>
    <p class="text-temp">15 Â°C</p>
    <div class="box-image"><img class="map-weather" src="https://static-maps.yandex.ru/v1?apikey=undefined&amp;l=map&amp;ll=0,0&amp;z=10" alt="Yandex map"></div>
  "
`;
